service    19:26:58
service    19:26:58
service    19:26:58
service    19:26:58
service    19:26:58
service    19:26:58
service    19:26:58
