{
    "resource": "tccpvpcpcx",
    "stack": [
        { "file": "--REPLACED--/create.go", "line": 89 },
        { "file": "--REPLACED--/create.go", "line": 90 },
        { "file": "--REPLACED--/create.go", "line": 91 }
    ]
}
{
    "resource": "tccpvpcpcx",
    "stack": [
        { "file": "--REPLACED--/create.go", "line": 52 },
        { "file": "--REPLACED--/create.go", "line": 67 }
    ]
}
{
    "resource": "tenantclients",
    "stack": [
        { "file": "/go/src/github.com/giantswarm/cluster-operator/vendor/github.com/giantswarm/operatorkit/resource/wrapper/retryresource/basic_resource.go", "line": 76 },
        { "file": "/go/src/github.com/giantswarm/cluster-operator/service/controller/resource/tenantclients/delete.go", "line": 12 },
        { "file": "/go/src/github.com/giantswarm/cluster-operator/service/controller/resource/tenantclients/resource.go", "line": 95 },
        { "file": "/go/src/github.com/giantswarm/cluster-operator/vendor/github.com/giantswarm/k8sclient/clients.go", "line": 117 }
    ]
}
{
    "resource": "tenantclients",
    "stack": [
        { "file": "/go/src/github.com/giantswarm/cluster-operator/vendor/github.com/giantswarm/operatorkit/resource/wrapper/retryresource/basic_resource.go", "line": 52 },
        { "file": "/go/src/github.com/giantswarm/cluster-operator/service/controller/resource/tenantclients/create.go", "line": 59 },
        { "file": "/go/src/github.com/giantswarm/cluster-operator/vendor/github.com/giantswarm/k8sclient/clients.go", "line": 117 }
    ]
}
{
    "resource": "tenantclients",
    "stack": [
        { "file": "/go/src/github.com/giantswarm/cluster-operator/vendor/github.com/giantswarm/operatorkit/resource/wrapper/retryresource/basic_resource.go", "line": 76 },
        { "file": "/go/src/github.com/giantswarm/cluster-operator/service/controller/resource/tenantclients/delete.go", "line": 12 },
        { "file": "/go/src/github.com/giantswarm/cluster-operator/service/controller/resource/tenantclients/resource.go", "line": 95 },
        { "file": "/go/src/github.com/giantswarm/cluster-operator/vendor/github.com/giantswarm/k8sclient/clients.go", "line": 117 }
    ]
}
{
    "resource": "tenantclients",
    "stack": [
        { "file": "/go/src/github.com/giantswarm/cluster-operator/vendor/github.com/giantswarm/operatorkit/resource/wrapper/retryresource/basic_resource.go", "line": 76 },
        { "file": "/go/src/github.com/giantswarm/cluster-operator/service/controller/resource/tenantclients/delete.go", "line": 12 },
        { "file": "/go/src/github.com/giantswarm/cluster-operator/service/controller/resource/tenantclients/resource.go", "line": 95 },
        { "file": "/go/src/github.com/giantswarm/cluster-operator/vendor/github.com/giantswarm/k8sclient/clients.go", "line": 117 }
    ]
}
{
    "resource": "tenantclients",
    "stack": [
        { "file": "/go/src/github.com/giantswarm/cluster-operator/vendor/github.com/giantswarm/operatorkit/resource/wrapper/retryresource/basic_resource.go", "line": 76 },
        { "file": "/go/src/github.com/giantswarm/cluster-operator/service/controller/resource/tenantclients/delete.go", "line": 12 },
        { "file": "/go/src/github.com/giantswarm/cluster-operator/service/controller/resource/tenantclients/resource.go", "line": 95 },
        { "file": "/go/src/github.com/giantswarm/cluster-operator/vendor/github.com/giantswarm/k8sclient/clients.go", "line": 117 }
    ]
}
{
    "resource": "tenantclients",
    "stack": [
        { "file": "/go/src/github.com/giantswarm/cluster-operator/vendor/github.com/giantswarm/operatorkit/resource/wrapper/retryresource/basic_resource.go", "line": 76 },
        { "file": "/go/src/github.com/giantswarm/cluster-operator/service/controller/resource/tenantclients/delete.go", "line": 12 },
        { "file": "/go/src/github.com/giantswarm/cluster-operator/service/controller/resource/tenantclients/resource.go", "line": 95 },
        { "file": "/go/src/github.com/giantswarm/cluster-operator/vendor/github.com/giantswarm/k8sclient/clients.go", "line": 117 }
    ]
}
